=========================================
Restarting Chrome instance on port 9222...
=========================================
No active Chrome instance found on port 9222.
Starting Chrome on port 9222 with data-dir C:\Users\Aira\chrome-cdp-profile-9222...
Waiting 10 seconds for Chrome port 9222 to bind and warm up...
=========================================
Restarting Chrome instance on port 9223...
=========================================
No active Chrome instance found on port 9223.
Starting Chrome on port 9223 with data-dir C:\Users\Aira\chrome-cdp-profile-9223...
Waiting 10 seconds for Chrome port 9223 to bind and warm up...
=========================================
Restarting Chrome instance on port 9224...
=========================================
No active Chrome instance found on port 9224.
Starting Chrome on port 9224 with data-dir C:\Users\Aira\chrome-cdp-profile-9224...
Waiting 10 seconds for Chrome port 9224 to bind and warm up...
=========================================
Rolling restart of all Chrome instances completed successfully!
=========================================
